// Jest Snapshot v1, https://goo.gl/fbAQLP

exports[`MyComponent should render correctly in "debug" mode 1`] = `
<div
  className="ToggleButton"
  id="off"
  onClick={[Function]}
>
  <div
    className="bar"
  >
    <div
      className="circle"
    />
  </div>
</div>
`;
