// Jest Snapshot v1, https://goo.gl/fbAQLP

exports[`MyComponent should render correctly in "debug" mode 1`] = `
<div
  className="show-on-scroll col-md-7 page-1 text-left section certifications undefined"
>
  <div
    className="section-title grey4 h2 bold"
  >
    Certifications
  </div>
  <div
    className="subsection"
  >
    <div
      className="subsection-title uppercase body-text grey3 letterspacing-1"
    >
      Development
    </div>
    <div
      className="subsection-data"
      key="0"
    >
      <span
        className="h3 grey1 bold"
      >
        React Js Hackerrank Certification
      </span>
      <div
        className="red default-text mt-1"
      >
        <a
          href="https://www.linkedin.com/in/anoop-jadhav-44528258/"
          rel="noopener noreferrer"
          target="_Blank"
        >
          View LinkedIn profile
        </a>
      </div>
      <div
        className="mt-2 grey-1 body-text"
      >
        React Js - Basic Hackerrank certifcation.
      </div>
    </div>
    <div
      className="subsection-data"
      key="1"
    >
      <span
        className="h3 grey1 bold"
      >
        Microsoft Technology Associate - Web Development Fundamentals
      </span>
      <div
        className="red default-text mt-1"
      >
        <a
          href="https://www.linkedin.com/in/anoop-jadhav-44528258/"
          rel="noopener noreferrer"
          target="_Blank"
        >
          View LinkedIn profile
        </a>
      </div>
      <div
        className="mt-2 grey-1 body-text"
      >
        Started my journey as a UI developer in my college days where I opted for this certification which involved learning HTML, CSS, JavaScript and .Net Fundamentals.
      </div>
    </div>
    <div
      className="subsection-data"
      key="2"
    >
      <span
        className="h3 grey1 bold"
      >
        HTML5: Structure, Syntax, and Semantics
      </span>
      <div
        className="red default-text mt-1"
      >
        <a
          href="https://www.linkedin.com/in/anoop-jadhav-44528258/"
          rel="noopener noreferrer"
          target="_Blank"
        >
          View LinkedIn profile
        </a>
      </div>
      <div
        className="mt-2 grey-1 body-text"
      >
        Lynda.com
      </div>
    </div>
    <div
      className="subsection-data"
      key="3"
    >
      <span
        className="h3 grey1 bold"
      >
        Learning Git and GitHub
      </span>
      <div
        className="red default-text mt-1"
      >
        <a
          href="https://www.linkedin.com/in/anoop-jadhav-44528258/"
          rel="noopener noreferrer"
          target="_Blank"
        >
          View LinkedIn profile
        </a>
      </div>
      <div
        className="mt-2 grey-1 body-text"
      >
        Lynda.com
      </div>
    </div>
    <div
      className="subsection-data"
      key="4"
    >
      <span
        className="h3 grey1 bold"
      >
        Shaping up with Angular.js
      </span>
      <div
        className="red default-text mt-1"
      >
        <a
          href="https://www.linkedin.com/in/anoop-jadhav-44528258/"
          rel="noopener noreferrer"
          target="_Blank"
        >
          View LinkedIn profile
        </a>
      </div>
      <div
        className="mt-2 grey-1 body-text"
      >
        Lynda.com
      </div>
    </div>
  </div>
  <div
    className="subsection"
  >
    <div
      className="subsection-title uppercase body-text grey3 letterspacing-1"
    >
      Design
    </div>
    <div
      className="subsection-data"
      key="0"
    >
      <span
        className="h3 grey1 bold"
      >
        Drawing Vector Graphics: Iconography
      </span>
      <div
        className="red default-text mt-1"
      >
        <a
          href="https://www.linkedin.com/in/anoop-jadhav-44528258/"
          rel="noopener noreferrer"
          target="_Blank"
        >
          View LinkedIn profile
        </a>
      </div>
      <div
        className="mt-2 grey-1 body-text"
      >
        Lynda.com - Deke McClelland
      </div>
    </div>
    <div
      className="subsection-data"
      key="1"
    >
      <span
        className="h3 grey1 bold"
      >
        Illustrator CC 2017 One-on-One Fundamentals
      </span>
      <div
        className="red default-text mt-1"
      >
        <a
          href="https://www.linkedin.com/in/anoop-jadhav-44528258/"
          rel="noopener noreferrer"
          target="_Blank"
        >
          View LinkedIn profile
        </a>
      </div>
      <div
        className="mt-2 grey-1 body-text"
      >
        Lynda.com - Deke McClelland
      </div>
    </div>
    <div
      className="subsection-data"
      key="2"
    >
      <span
        className="h3 grey1 bold"
      >
        Creating a Design System with Sketch
      </span>
      <div
        className="red default-text mt-1"
      >
        <a
          href="https://www.linkedin.com/in/anoop-jadhav-44528258/"
          rel="noopener noreferrer"
          target="_Blank"
        >
          View LinkedIn profile
        </a>
      </div>
      <div
        className="mt-2 grey-1 body-text"
      >
        Lynda.com - Deke McClelland
      </div>
    </div>
    <div
      className="subsection-data"
      key="3"
    >
      <span
        className="h3 grey1 bold"
      >
        Learning Graphic Design: Layouts, Presentations, Cropping Photographs, Things Every Designer Should Know
      </span>
      <div
        className="red default-text mt-1"
      >
        <a
          href="https://www.linkedin.com/in/anoop-jadhav-44528258/"
          rel="noopener noreferrer"
          target="_Blank"
        >
          View LinkedIn profile
        </a>
      </div>
      <div
        className="mt-2 grey-1 body-text"
      >
        John McWade
      </div>
    </div>
  </div>
</div>
`;
