// Jest Snapshot v1, https://goo.gl/fbAQLP

exports[`MyComponent should render correctly in "debug" mode 1`] = `
<Fragment>
  <div
    className="show-on-scroll col-md-7 page-1 text-left section feedback undefined"
  >
    <div
      className="section-title grey4 h2 bold"
    >
      Feedback
    </div>
    <form
      className="subsection"
      id="contact-form"
      method="POST"
      onSubmit={[Function]}
    >
      <div
        className="subsection-data"
      >
        <div
          className="subsection-title body-text letterspacing-1"
        >
          Please provide a constructive feedback.
        </div>
        <div
          className="red body-text mt-2"
        >
          <textarea
            className=""
            name="message"
            onChange={[Function]}
            type="type"
          />
        </div>
        <div
          className="text-left mt-3"
        >
          <button
            type="submit"
          >
            Send
          </button>
        </div>
      </div>
    </form>
  </div>
</Fragment>
`;
