// Jest Snapshot v1, https://goo.gl/fbAQLP

exports[`MyComponent should render correctly in "debug" mode 1`] = `
<div
  className="default-text banner undefined-banner mb-2"
>
  <div
    className="banner-text"
  />
  <div
    className="cross"
  />
</div>
`;
